
Nombre d'allumettes restantes : 13
Au tour de Xavier.
Combien prenez-vous d'allumettes ? Xavier prend 1 allumette.

Nombre d'allumettes restantes : 12
Au tour de Ordinateur.
Ordinateur prend 3 allumettes.

Nombre d'allumettes restantes : 9
Au tour de Xavier.
Combien prenez-vous d'allumettes ? Xavier prend 1 allumette.

Nombre d'allumettes restantes : 8
Au tour de Ordinateur.
Ordinateur prend 3 allumettes.

Nombre d'allumettes restantes : 5
Au tour de Xavier.
Combien prenez-vous d'allumettes ? Xavier prend 2 allumettes.

Nombre d'allumettes restantes : 3
Au tour de Ordinateur.
Ordinateur prend 3 allumettes.
Ordinateur a perdu !
Xavier a gagnÃ© !
